\BOOKMARK [1][-]{section.1}{\376\377\000I\000n\000t\000r\000o\000d\000u\000c\000t\000i\000o\000n}{}% 1
\BOOKMARK [1][-]{section.2}{\376\377\000R\000e\000l\000a\000t\000e\000d\000\040\000W\000o\000r\000k}{}% 2
\BOOKMARK [1][-]{section.3}{\376\377\000B\000a\000c\000k\000g\000r\000o\000u\000n\000d\000\040\000a\000n\000d\000\040\000P\000r\000e\000l\000i\000m\000i\000n\000a\000r\000i\000e\000s}{}% 3
\BOOKMARK [2][-]{subsection.3.1}{\376\377\000R\000a\000m\000s\000e\000y\000\040\000n\000o\000t\000a\000t\000i\000o\000n}{section.3}% 4
\BOOKMARK [2][-]{subsection.3.2}{\376\377\000O\000b\000j\000e\000c\000t\000s\000\040\000f\000o\000r\000\040\000t\000h\000e\000\040\000o\000b\000s\000t\000r\000u\000c\000t\000i\000o\000n\000-\000a\000t\000l\000a\000s\000\040\000r\000o\000u\000t\000e}{section.3}% 5
\BOOKMARK [2][-]{subsection.3.3}{\376\377\000M\000e\000t\000r\000i\000c\000s\000\040\000a\000n\000d\000\040\000c\000l\000a\000i\000m\000\040\000c\000l\000a\000s\000s\000e\000s}{section.3}% 6
\BOOKMARK [1][-]{section.4}{\376\377\000M\000e\000t\000h\000o\000d}{}% 7
\BOOKMARK [2][-]{subsection.4.1}{\376\377\000I\000n\000p\000u\000t\000\040\000c\000o\000r\000p\000u\000s\000\040\000a\000n\000d\000\040\000e\000x\000c\000l\000u\000s\000i\000o\000n\000s}{section.4}% 8
\BOOKMARK [2][-]{subsection.4.2}{\376\377\000P\000i\000p\000e\000l\000i\000n\000e\000\040\000o\000v\000e\000r\000v\000i\000e\000w}{section.4}% 9
\BOOKMARK [2][-]{subsection.4.3}{\376\377\000A\000l\000g\000o\000r\000i\000t\000h\000m\000i\000c\000\040\000s\000p\000e\000c\000i\000f\000i\000c\000a\000t\000i\000o\000n}{section.4}% 10
\BOOKMARK [2][-]{subsection.4.4}{\376\377\000C\000o\000m\000p\000l\000e\000x\000i\000t\000y\000\040\000a\000c\000c\000o\000u\000n\000t\000i\000n\000g}{section.4}% 11
\BOOKMARK [2][-]{subsection.4.5}{\376\377\000D\000e\000s\000i\000g\000n\000\040\000r\000a\000t\000i\000o\000n\000a\000l\000e}{section.4}% 12
\BOOKMARK [1][-]{section.5}{\376\377\000T\000h\000e\000o\000r\000e\000t\000i\000c\000a\000l\000\040\000R\000e\000s\000u\000l\000t\000s\000\040\000a\000n\000d\000\040\000P\000r\000o\000o\000f\000s}{}% 13
\BOOKMARK [2][-]{subsection.5.1}{\376\377\000C\000a\000n\000o\000n\000i\000c\000a\000l\000i\000z\000a\000t\000i\000o\000n\000\040\000a\000n\000d\000\040\000s\000a\000f\000e\000t\000y\000\040\000l\000e\000m\000m\000a\000s}{section.5}% 14
\BOOKMARK [2][-]{subsection.5.2}{\376\377\000A\000c\000c\000e\000p\000t\000a\000n\000c\000e\000-\000c\000o\000n\000t\000r\000a\000c\000t\000\040\000t\000h\000e\000o\000r\000e\000m\000s}{section.5}% 15
\BOOKMARK [1][-]{section.6}{\376\377\000E\000x\000p\000e\000r\000i\000m\000e\000n\000t\000a\000l\000\040\000S\000e\000t\000u\000p}{}% 16
\BOOKMARK [2][-]{subsection.6.1}{\376\377\000D\000a\000t\000a\000\040\000s\000o\000u\000r\000c\000e\000s}{section.6}% 17
\BOOKMARK [2][-]{subsection.6.2}{\376\377\000M\000e\000a\000s\000u\000r\000e\000m\000e\000n\000t\000\040\000p\000r\000o\000t\000o\000c\000o\000l}{section.6}% 18
\BOOKMARK [2][-]{subsection.6.3}{\376\377\000H\000a\000r\000d\000w\000a\000r\000e\000\040\000a\000n\000d\000\040\000s\000o\000f\000t\000w\000a\000r\000e}{section.6}% 19
\BOOKMARK [2][-]{subsection.6.4}{\376\377\000W\000h\000a\000t\000\040\000w\000a\000s\000\040\000i\000n\000t\000e\000n\000t\000i\000o\000n\000a\000l\000l\000y\000\040\000n\000o\000t\000\040\000r\000u\000n}{section.6}% 20
\BOOKMARK [1][-]{section.7}{\376\377\000R\000e\000s\000u\000l\000t\000s}{}% 21
\BOOKMARK [2][-]{subsection.7.1}{\376\377\000F\000r\000o\000n\000t\000i\000e\000r\000\040\000s\000t\000a\000t\000e\000\040\000a\000n\000d\000\040\000b\000r\000a\000n\000c\000h\000\040\000c\000h\000r\000o\000n\000o\000l\000o\000g\000y}{section.7}% 22
\BOOKMARK [2][-]{subsection.7.2}{\376\377\000E\000x\000a\000c\000t\000\040\000e\000v\000i\000d\000e\000n\000c\000e\000\040\000i\000n\000v\000e\000n\000t\000o\000r\000y}{section.7}% 23
\BOOKMARK [2][-]{subsection.7.3}{\376\377\000R\000o\000u\000t\000e\000\040\000t\000r\000i\000a\000g\000e}{section.7}% 24
\BOOKMARK [2][-]{subsection.7.4}{\376\377\000A\000c\000c\000e\000p\000t\000a\000n\000c\000e\000-\000c\000o\000n\000t\000r\000a\000c\000t\000\040\000s\000t\000a\000t\000u\000s}{section.7}% 25
\BOOKMARK [1][-]{section.8}{\376\377\000D\000i\000s\000c\000u\000s\000s\000i\000o\000n}{}% 26
\BOOKMARK [1][-]{section.9}{\376\377\000C\000o\000n\000c\000l\000u\000s\000i\000o\000n}{}% 27
\BOOKMARK [1][-]{appendix.A}{\376\377\000E\000x\000t\000e\000n\000d\000e\000d\000\040\000P\000r\000o\000o\000f\000s}{}% 28
\BOOKMARK [1][-]{appendix.B}{\376\377\000A\000d\000d\000i\000t\000i\000o\000n\000a\000l\000\040\000E\000x\000p\000e\000r\000i\000m\000e\000n\000t\000s\000\040\000a\000n\000d\000\040\000N\000u\000l\000l\000\040\000E\000x\000e\000c\000u\000t\000i\000o\000n\000\040\000R\000e\000c\000o\000r\000d}{}% 29
\BOOKMARK [2][-]{subsection.B.1}{\376\377\000M\000i\000s\000s\000i\000n\000g\000\040\000e\000x\000e\000c\000u\000t\000i\000o\000n\000\040\000a\000r\000t\000i\000f\000a\000c\000t\000s}{appendix.B}% 30
\BOOKMARK [2][-]{subsection.B.2}{\376\377\000W\000h\000y\000\040\000n\000u\000l\000l\000\040\000e\000x\000e\000c\000u\000t\000i\000o\000n\000\040\000i\000s\000\040\000i\000t\000s\000e\000l\000f\000\040\000i\000n\000f\000o\000r\000m\000a\000t\000i\000v\000e}{appendix.B}% 31
\BOOKMARK [1][-]{appendix.C}{\376\377\000I\000m\000p\000l\000e\000m\000e\000n\000t\000a\000t\000i\000o\000n\000\040\000D\000e\000t\000a\000i\000l\000s}{}% 32
\BOOKMARK [1][-]{appendix.D}{\376\377\000T\000h\000r\000e\000s\000h\000o\000l\000d\000\040\000a\000n\000d\000\040\000C\000o\000n\000t\000r\000a\000c\000t\000\040\000S\000e\000n\000s\000i\000t\000i\000v\000i\000t\000y}{}% 33
