
Note: No compatibility mode selected!


Circuit: * auto-generated by tools/run_h1_matrix.py

Doing analysis at TEMP = 27.000000 and TNOM = 27.000000


Initial Transient Solution
--------------------------

Node                                   Voltage
----                                   -------
src_a_p                                      0
n_src_a_p                                    0
src_b_p                                      0
n_src_b_p                                    0
xsources.va_p                                0
xsources.va_n                                0
n_src_a_n                                    0
xsources.vb_p                                0
xsources.vb_n                                0
n_src_b_n                                    0
n_src_a                                      0
n_src_b                                      0
xroute_a.ctrl                                0
n_a_bus_p                                    0
n_a_bus_n                                    0
xroute_b.ctrl                                0
n_b_bus_p                                    0
n_b_bus_n                                    0
n_store                                      0
n_ctrl                                       0
xcore.a_obs                                  0
xcore.eobs_a_int1                            0
xcore.a_probe                                0
xcore.b_obs                                  0
xcore.eobs_b_int1                            0
xcore.b_probe                                0
xcore.sel_a                                0.5
xcore.sel_b                                0.5
n_handoff                                    0
pwr_back_a                                   0
pwr_back_b                                   0
pwr_ctrl                                     0
bpctrl#branch                                0
vctrl_mon#branch                             0
bpawr_b#branch                               0
vmeas_b#branch                               0
bpawr_a#branch                               0
vmeas_a#branch                               0
b.xcore.bhandoff#branch                      0
b.xcore.bsel_b#branch                        0
b.xcore.bsel_a#branch                        0
b.xcore.beobs_b#branch                       0
b.xcore.beobs_a#branch                       0
b.xroute_b.bctrl#branch                      0
b.xroute_a.bctrl#branch                      0
bmon_b#branch                                0
bmon_a#branch                                0
b.xsources.bsrc_b#branch                     0
b.xsources.bsrc_a#branch                     0
e.xcore.eobs_b#branch                        0
e.xcore.eobs_a#branch                        0


No. of Data Rows : 8008

  Measurements for Transient Analysis

vstore_final        =  2.468789e+02
t_handoff           =   9.48094e+01
e_back_a            =   0.00000e+00 from=  0.00000e+00 to=  1.25000e+03
e_back_b            =   0.00000e+00 from=  0.00000e+00 to=  1.25000e+03
e_backdrive         =  0.00000e+00
e_ctrl              =   9.79036e-01 from=  0.00000e+00 to=  1.25000e+03
startup_ok          =  1.00000e+00


Total analysis time (seconds) = 0.213

Total elapsed time (seconds) = 0.233 

Total DRAM available = 458985.613 MB.
DRAM currently available = 458102.250 MB.
Maximum ngspice program size =   29.582 MB.
Current ngspice program size =   19.242 MB.

Shared ngspice pages = 0 bytes.
Text (code) pages = 0 bytes.
Stack = 0 bytes.
Library pages = 0 bytes.

Note: can't find the initialization file spinit.
 Reference value :  9.07700e+02
