
Note: No compatibility mode selected!


Circuit: * auto-generated by tools/run_h1_matrix.py

Doing analysis at TEMP = 27.000000 and TNOM = 27.000000


Initial Transient Solution
--------------------------

Node                                   Voltage
----                                   -------
src_a_p                                      0
n_src_a_p                                    0
src_b_p                                      0
n_src_b_p                                    0
xsources.va_p                                0
xsources.va_n                                0
n_src_a_n                                    0
xsources.vb_p                                0
xsources.vb_n                                0
n_src_b_n                                    0
n_src_a                                      0
n_src_b                                      0
xroute_a.ctrl                                0
n_a_bus_p                                    0
n_a_bus_n                                    0
xroute_b.ctrl                                0
n_b_bus_p                                    0
n_b_bus_n                                    0
n_start_p                                    0
n_start_n                                    0
n_store                                      0
n_handoff                                    0
n_ctrl                                       0
pwr_back_a                                   0
pwr_back_b                                   0
pwr_ctrl                                     0
bpctrl#branch                                0
vctrl_mon#branch                             0
bpawr_b#branch                               0
vmeas_b#branch                               0
bpawr_a#branch                               0
vmeas_a#branch                               0
b.xstartup.bhandoff#branch                   0
b.xroute_b.bctrl#branch                      0
b.xroute_a.bctrl#branch                      0
bmon_b#branch                                0
bmon_a#branch                                0
b.xsources.bsrc_b#branch                     0
b.xsources.bsrc_a#branch                     0


No. of Data Rows : 8008

  Measurements for Transient Analysis

vstore_final        =  9.081319e+01
t_handoff           =   9.29516e+01
e_back_a            =   0.00000e+00 from=  0.00000e+00 to=  6.25000e+02
e_back_b            =   0.00000e+00 from=  0.00000e+00 to=  6.25000e+02
e_backdrive         =  0.00000e+00
e_ctrl              =   7.06657e-02 from=  0.00000e+00 to=  6.25000e+02
startup_ok          =  1.00000e+00


Total analysis time (seconds) = 0.109

Total elapsed time (seconds) = 0.126 

Total DRAM available = 458985.613 MB.
DRAM currently available = 458112.617 MB.
Maximum ngspice program size =   29.543 MB.
Current ngspice program size =   20.094 MB.

Shared ngspice pages = 0 bytes.
Text (code) pages = 0 bytes.
Stack = 0 bytes.
Library pages = 0 bytes.

Note: can't find the initialization file spinit.
