Note: can't find the initialization file spinit.

Note: No compatibility mode selected!


Circuit: * source-blind ablation of the packet-scout h1 topology.

Doing analysis at TEMP = 27.000000 and TNOM = 27.000000


Initial Transient Solution
--------------------------

Node                                   Voltage
----                                   -------
src_a_p                                      0
n_src_a_p                                    0
src_b_p                                      0
n_src_b_p                                    0
xsources.win_a                               0
xsources.win_b                               0
xsources.va_p                                0
xsources.va_n                                0
n_src_a_n                                    0
xsources.vb_p                                0
xsources.vb_n                                0
n_src_b_n                                    0
n_src_a                                      0
n_src_b                                      0
xroute_a.ctrl                                0
n_a_bus_p                                    0
n_a_bus_n                                    0
xroute_b.ctrl                                0
n_b_bus_p                                    0
n_b_bus_n                                    0
n_store                                      0
n_ctrl                                       0
xcore.a_obs                                  0
xcore.eobs_a_int1                            0
xcore.a_probe                                0
xcore.b_obs                                  0
xcore.eobs_b_int1                            0
xcore.b_probe                                0
n_handoff                                    0
pwr_back_a                                   0
pwr_back_b                                   0
pwr_ctrl                                     0
bpctrl#branch                                0
vctrl_mon#branch                             0
bpawr_b#branch                               0
vmeas_b#branch                               0
bpawr_a#branch                               0
vmeas_a#branch                               0
b.xcore.bhandoff#branch                      0
b.xcore.beobs_b#branch                       0
b.xcore.beobs_a#branch                       0
b.xroute_b.bctrl#branch                      0
b.xroute_a.bctrl#branch                      0
bmon_b#branch                                0
bmon_a#branch                                0
b.xsources.bsrc_b#branch                     0
b.xsources.bsrc_a#branch                     0
b.xsources.bwin_b#branch                     0
b.xsources.bwin_a#branch                     0
e.xcore.eobs_b#branch                        0
e.xcore.eobs_a#branch                        0


No. of Data Rows : 8008

  Measurements for Transient Analysis


Error: measure  t_handoff_fall  when(WHEN) : out of interval
 .measure tran t_handoff_fall when v(n_handoff)=0.5 fall=1 failed!


Error: measure  t_handoff_rise2  when(WHEN) : out of interval
 .measure tran t_handoff_rise2 when v(n_handoff)=0.5 rise=2 failed!

vstore_final        =  9.616205e+01
t_handoff           =   9.49047e+01
e_back_a            =   0.00000e+00 from=  0.00000e+00 to=  6.25000e+02
e_back_b            =   0.00000e+00 from=  0.00000e+00 to=  6.25000e+02
e_backdrive         =  0.00000e+00
e_ctrl              =   6.07628e-02 from=  0.00000e+00 to=  6.25000e+02
startup_ok          =  1.00000e+00


Total analysis time (seconds) = 0.156

Total elapsed time (seconds) = 0.177 

Total DRAM available = 458985.613 MB.
DRAM currently available = 458096.543 MB.
Maximum ngspice program size =   29.590 MB.
Current ngspice program size =   20.113 MB.

Shared ngspice pages = 0 bytes.
Text (code) pages = 0 bytes.
Stack = 0 bytes.
Library pages = 0 bytes.

