Note: can't find the initialization file spinit.

Note: No compatibility mode selected!


Circuit: * auto-generated by tools/run_h1_falsifier.py

Doing analysis at TEMP = 27.000000 and TNOM = 27.000000


Initial Transient Solution
--------------------------

Node                                   Voltage
----                                   -------
src_a_p                                      0
n_src_a_p                                    0
src_b_p                                      0
n_src_b_p                                    0
xsources.win_a                               0
xsources.win_b                               0
xsources.va_p                                0
xsources.va_n                                0
n_src_a_n                                    0
xsources.vb_p                                0
xsources.vb_n                                0
n_src_b_n                                    0
n_src_a                                      0
n_src_b                                      0
xroute_a.ctrl                                0
n_a_bus_p                                    0
n_a_bus_n                                    0
xroute_b.ctrl                                0
n_b_bus_p                                    0
n_b_bus_n                                    0
n_start_p                                    0
n_start_n                                    0
n_store                                      0
xstartup.xhandoff.hand_state_logic               0
xstartup.xhandoff.hand_state                 0
n_handoff                                    0
n_ctrl                                       0
seen_drv                                     0
n_seen                            -5.76449e-24
handoff_evt_drv                              0
n_handoff_evt                                0
handoff_latched                              0
pwr_back_a                                   0
pwr_back_b                                   0
pwr_ctrl                                     0
pwr_back_a_pre                               0
pwr_back_b_pre                               0
pwr_ctrl_pre                                 0
bpctrl_pre#branch                            0
bpawr_b_pre#branch                           0
bpawr_a_pre#branch                           0
bpctrl#branch                                0
vctrl_mon#branch                             0
bpawr_b#branch                               0
vmeas_b#branch                               0
bpawr_a#branch                               0
vmeas_a#branch                               0
blatch#branch                                0
bhand_evt_drv#branch                         0
bseen_drv#branch                   5.76449e-36
b.xstartup.xhandoff.bhand_out#branch               0
b.xstartup.xhandoff.bhstate_logic#branch               0
b.xroute_b.bctrl#branch                      0
b.xroute_a.bctrl#branch                      0
bmon_b#branch                                0
bmon_a#branch                                0
b.xsources.bsrc_b#branch                     0
b.xsources.bsrc_a#branch                     0
b.xsources.bwin_b#branch                     0
b.xsources.bwin_a#branch                     0


No. of Data Rows : 18008

  Measurements for Transient Analysis

vstore_final        =  1.335329e+00
handoff_seen_final  =  6.704915e-01
t_handoff           =   6.93213e+00
t_handoff_fall      =   1.12531e+01
t_handoff_rise2     =   1.57994e+01
t_store_proxy       =   6.84672e+00
t_store_proxy_fall  =   1.12318e+01
t_store_proxy_rise2 =   1.57756e+01
e_back_a            =   4.04548e-19 from=  0.00000e+00 to=  1.80000e+01
e_back_b            =   2.18128e-07 from=  0.00000e+00 to=  1.80000e+01
e_backdrive         =  2.18128e-07
e_ctrl              =   8.13994e-08 from=  0.00000e+00 to=  1.80000e+01
e_back_a_full       =   2.84386e-07 from=  0.00000e+00 to=  1.80000e+01
e_back_b_full       =   2.18141e-07 from=  0.00000e+00 to=  1.80000e+01
e_backdrive_full    =  5.02527e-07
e_ctrl_full         =   4.86865e-07 from=  0.00000e+00 to=  1.80000e+01
startup_ok          =  1.00000e+00


Total analysis time (seconds) = 0.348

Total elapsed time (seconds) = 0.379 

Total DRAM available = 458985.613 MB.
DRAM currently available = 458006.750 MB.
Maximum ngspice program size =   30.672 MB.
Current ngspice program size =   19.855 MB.

Shared ngspice pages = 0 bytes.
Text (code) pages = 0 bytes.
Stack = 0 bytes.
Library pages = 0 bytes.

