Loaded 9 instances
Baseline LKH-3 costs: 9 instances
Node ID: d9a8041c
Ablation configs: ['full', 'no_warmstart', 'single_config', 'no_ils', 'no_oropt', 'no_atsp_pert']


======================================================================
ABLATION: full
  Full solver (all components)
======================================================================

  berlin_75 (n=75): cost=17766.4  gap=+0.0000%  time=25.5s  valid=True

  chicago_500 (n=500): cost=20073.1  gap=-0.0080%  time=149.7s  valid=True

  london_500 (n=500): cost=30107.0  gap=-0.1102%  time=154.3s  valid=True

  los_angeles_200 (n=200): cost=33478.1  gap=-0.0305%  time=74.5s  valid=True

  manhattan_200 (n=200): cost=25585.2  gap=+0.0000%  time=54.0s  valid=True

  manhattan_75 (n=75): cost=15748.0  gap=+0.0000%  time=26.3s  valid=True

  paris_75 (n=75): cost=18832.3  gap=+0.0000%  time=24.5s  valid=True

  rome_200 (n=200): cost=29294.3  gap=+0.0000%  time=60.7s  valid=True

  tokyo_500 (n=500): cost=21813.2  gap=-0.0119%  time=94.9s  valid=True

  => full mean gap: -0.0178%  (score: 0.0178)

  [Early metric written: score=0.017833]

======================================================================
ABLATION: no_warmstart
  No asymmetry-aware initial tours (Phase 1+2 disabled)
======================================================================

  berlin_75 (n=75): cost=17766.4  gap=+0.0000%  time=26.3s  valid=True

  chicago_500 (n=500): cost=20068.7  gap=-0.0299%  time=89.9s  valid=True

  london_500 (n=500): cost=30107.0  gap=-0.1102%  time=91.9s  valid=True

  los_angeles_200 (n=200): cost=33478.1  gap=-0.0305%  time=72.9s  valid=True

  manhattan_200 (n=200): cost=25585.2  gap=-0.0000%  time=63.3s  valid=True

  manhattan_75 (n=75): cost=15748.0  gap=+0.0000%  time=24.6s  valid=True

  paris_75 (n=75): cost=18832.3  gap=+0.0000%  time=24.9s  valid=True

  rome_200 (n=200): cost=29294.3  gap=+0.0000%  time=51.3s  valid=True

  tokyo_500 (n=500): cost=21813.2  gap=-0.0119%  time=111.5s  valid=True

  => no_warmstart mean gap: -0.0203%  (score: 0.0203)

======================================================================
ABLATION: single_config
  Single default LKH config (multi-config Phase 3 disabled)
======================================================================

  berlin_75 (n=75): cost=17766.4  gap=+0.0000%  time=24.9s  valid=True

  chicago_500 (n=500): cost=20065.5  gap=-0.0458%  time=139.8s  valid=True

  london_500 (n=500): cost=30120.0  gap=-0.0670%  time=100.1s  valid=True

  los_angeles_200 (n=200): cost=33478.1  gap=-0.0305%  time=72.6s  valid=True

  manhattan_200 (n=200): 