Note: can't find the initialization file spinit.

Note: No compatibility mode selected!

Warning: Unusual leading characters like ')' or others out of '= [] ? () & % $"!:,;\f'
    in netlist or included files, will be replaced with '*'.
    Check line no 17:  )


Circuit: * auto-generated by tools/run_h1_falsifier.py

Doing analysis at TEMP = 27.000000 and TNOM = 27.000000

Warning: roff: resistance to low, set to 1 mOhm
Warning: ron: resistance to low, set to 1 mOhm
Note: vh: has no value, DC 0 assumed
Note: vt: has no value, DC 0 assumed
Warning: singular matrix:  check node 1e12

Note: Starting dynamic gmin stepping
Trying gmin =   1.0000E-03 Note: One successful gmin step
Trying gmin =   1.0000E-04 Note: One successful gmin step
Trying gmin =   1.0000E-05 Note: One successful gmin step
Trying gmin =   1.0000E-06 Note: One successful gmin step
Trying gmin =   1.0000E-07 Note: One successful gmin step
Trying gmin =   1.0000E-08 Note: One successful gmin step
Trying gmin =   1.0000E-09 Note: One successful gmin step
Trying gmin =   1.0000E-10 Note: One successful gmin step
Trying gmin =   1.0000E-11 Note: One successful gmin step
Trying gmin =   1.0000E-12 Note: One successful gmin step
Trying gmin =   1.0000E-12 Note: One successful gmin step
Warning: singular matrix:  check node 1e12

Warning: Dynamic gmin stepping failed
Note: Starting true gmin stepping
Trying gmin =   1.0000E-03 Warning: singular matrix:  check node 1e12

Warning: Further gmin increment
Trying gmin =   5.6234E-03 Warning: singular matrix:  check node 1e12

Warning: Further gmin increment
Trying gmin =   8.6596E-03 Warning: singular matrix:  check node 1e12

Warning: Further gmin increment
Trying gmin =   9.6466E-03 Warning: singular matrix:  check node 1e12

Warning: Further gmin increment
Trying gmin =   9.9105E-03 Warning: Further gmin increment
Trying gmin =   9.9775E-03 Warning: Further gmin increment
Trying gmin =   9.9944E-03 Warning: Further gmin increment
Trying gmin =   9.9986E-03 Warning: Further gmin increment
Trying gmin =   9.9996E-03 Warning: Last gmin step failed
Warning: True gmin stepping failed
Note: Starting source stepping
Supplies reduced to   0.0000% 
Trying gmin =   1.0000E-02 Note: One successful gmin step
Trying gmin =   1.0000E-03 Note: One successful gmin step
Trying gmin =   1.0000E-04 Note: One successful gmin step
Trying gmin =   1.0000E-05 Note: One successful gmin step
Trying gmin =   1.0000E-06 Note: One successful gmin step
Trying gmin =   1.0000E-07 Note: One successful gmin step
Trying gmin =   1.0000E-08 Note: One successful gmin step
Trying gmin =   1.0000E-09 Note: One successful gmin step
Trying gmin =   1.0000E-10 Note: One successful gmin step
Trying gmin =   1.0000E-11 Note: One successful gmin step
Trying gmin =   1.0000E-12 Note: One successful gmin step
Note: One successful source step
Supplies reduced to   0.1000% Supplies reduced to   0.0000% Warning: source stepping failed
Note: Transient op started
Note: Transient op finished successfully

Initial Transient Solution
--------------------------

Node                                   Voltage
----                                   -------
1m                                           0
                                             0
1e12                                         0
7.500000000000000e-01                        0
5.000000000000004e-02                        0
src_a_p                                      0
n_src_a_p                                    0
src_b_p                                      0
n_src_b_p                                    0
xsources.win_a                               0
xsources.win_b                               0
xsources.va_p                                0
xsources.va_n                                0
n_src_a_n                                    0
xsources.vb_p                                0
xsources.vb_n                                0
n_src_b_n                                    0
n_src_a                                      0
n_src_b                                      0
xroute_a.ctrl                                0
n_start_p                                    0
n_start_n                                    0
n_store                                      0
xstartup.xhandoff.n_hand_ref                 1
n_handoff                               0.9999
n_ctrl                                       0
seen_drv                                     1
n_seen                                0.439461
handoff_latched                    6.21015e-05
pwr_back_a                                   0
pwr_back_b                                   0
pwr_ctrl                                     0
pwr_back_a_pre                               0
pwr_back_b_pre                               0
pwr_ctrl_pre                                 0
bpctrl_pre#branch                            0
bpawr_b_pre#branch                           0
bpawr_a_pre#branch                           0
bpctrl#branch                                0
vctrl_mon#branch                             0
bpawr_b#branch                               0
vmeas_b#branch                               0
bpawr_a#branch                               0
vmeas_a#branch                               0
blatch#branch                                0
bseen_drv#branch                  -2.58342e-09
b.xroute_a.bctrl#branch                      0
bmon_b#branch                                0
bmon_a#branch                                0
b.xsources.bsrc_b#branch                     0
b.xsources.bsrc_a#branch                     0
b.xsources.bwin_b#branch                     0
b.xsources.bwin_a#branch                     0
v.xstartup.xhandoff.vhand_ref#branch      -9.999e-05
vh#branch                                    0
vt#branch                                    0


No. of Data Rows : 18008

  Measurements for Transient Analysis

vstore_final        =  1.271470e+00
t_handoff           =   7.26487e+00
t_handoff_fall      =   1.10405e+01
t_handoff_rise2     =   1.57700e+01
e_back_a            =   0.00000e+00 from=  0.00000e+00 to=  1.80000e+01
e_back_b            =   0.00000e+00 from=  0.00000e+00 to=  1.80000e+01
e_backdrive         =  0.00000e+00
e_ctrl              =   2.94957e-17 from=  0.00000e+00 to=  1.80000e+01
e_back_a_full       =   0.00000e+00 from=  0.00000e+00 to=  1.80000e+01
e_back_b_full       =   0.00000e+00 from=  0.00000e+00 to=  1.80000e+01
e_backdrive_full    =  0.00000e+00
e_ctrl_full         =   3.17886e-07 from=  0.00000e+00 to=  1.80000e+01
startup_ok          =  1.00000e+00


Total analysis time (seconds) = 0.295

Total elapsed time (seconds) = 0.319 

Total DRAM available = 458985.613 MB.
DRAM currently available = 458085.980 MB.
Maximum ngspice program size =   30.398 MB.
Current ngspice program size =   19.430 MB.

Shared ngspice pages = 0 bytes.
Text (code) pages = 0 bytes.
Stack = 0 bytes.
Library pages = 0 bytes.

