Note: can't find the initialization file spinit.

Note: No compatibility mode selected!


Circuit: * champion h1 topology: rc-ranked packet gate.

Doing analysis at TEMP = 27.000000 and TNOM = 27.000000


Initial Transient Solution
--------------------------

Node                                   Voltage
----                                   -------
src_a_p                                      0
n_src_a_p                                    0
src_b_p                                      0
n_src_b_p                                    0
xsources.win_a                               0
xsources.win_b                               0
xsources.va_p                                0
xsources.va_n                                0
n_src_a_n                                    0
xsources.vb_p                                0
xsources.vb_n                                0
n_src_b_n                                    0
n_src_a                                      0
n_src_b                                      0
xroute_a.ctrl                                0
n_a_bus_p                                    0
n_a_bus_n                                    0
xroute_b.ctrl                                0
n_b_bus_p                                    0
n_b_bus_n                                    0
n_store                                      0
n_ctrl                                       0
xcore.a_obs                                  0
xcore.eobs_a_int1                            0
xcore.a_probe                                0
xcore.b_obs                                  0
xcore.eobs_b_int1                            0
xcore.b_probe                                0
xcore.sel_a                                0.5
xcore.sel_b                                0.5
n_handoff                                    0
seen_drv                                     0
n_seen                            -5.76449e-24
handoff_latched                              0
pwr_back_a                                   0
pwr_back_b                                   0
pwr_ctrl                                     0
pwr_back_a_pre                               0
pwr_back_b_pre                               0
pwr_ctrl_pre                                 0
bpctrl_pre#branch                            0
bpawr_b_pre#branch                           0
bpawr_a_pre#branch                           0
bpctrl#branch                                0
vctrl_mon#branch                             0
bpawr_b#branch                               0
vmeas_b#branch                               0
bpawr_a#branch                               0
vmeas_a#branch                               0
blatch#branch                                0
bseen_drv#branch                   5.76449e-36
b.xcore.bhandoff#branch                      0
b.xcore.bsel_b#branch                        0
b.xcore.bsel_a#branch                        0
b.xcore.beobs_b#branch                       0
b.xcore.beobs_a#branch                       0
b.xroute_b.bctrl#branch                      0
b.xroute_a.bctrl#branch                      0
bmon_b#branch                                0
bmon_a#branch                                0
b.xsources.bsrc_b#branch                     0
b.xsources.bsrc_a#branch                     0
b.xsources.bwin_b#branch                     0
b.xsources.bwin_a#branch                     0
e.xcore.eobs_b#branch                        0
e.xcore.eobs_a#branch                        0


No. of Data Rows : 8008

  Measurements for Transient Analysis


Error: measure  t_handoff  when(WHEN) : out of interval
 .measure tran t_handoff when v(n_handoff)=0.5 rise=1 failed!


Error: measure  t_handoff_fall  when(WHEN) : out of interval
 .measure tran t_handoff_fall when v(n_handoff)=0.5 fall=1 failed!


Error: measure  t_handoff_rise2  when(WHEN) : out of interval
 .measure tran t_handoff_rise2 when v(n_handoff)=0.5 rise=2 failed!

vstore_final        =  5.493940e-01
e_back_a            =   0.00000e+00 from=  0.00000e+00 to=  1.25000e+01
e_back_b            =   0.00000e+00 from=  0.00000e+00 to=  1.25000e+01
e_backdrive         =  0.00000e+00
e_ctrl              =   5.72423e-08 from=  0.00000e+00 to=  1.25000e+01
e_back_a_full       =   0.00000e+00 from=  0.00000e+00 to=  1.25000e+01
e_back_b_full       =   0.00000e+00 from=  0.00000e+00 to=  1.25000e+01
e_backdrive_full    =  0.00000e+00
e_ctrl_full         =   5.72423e-08 from=  0.00000e+00 to=  1.25000e+01
startup_ok          =  0.00000e+00


Total analysis time (seconds) = 0.167

Total elapsed time (seconds) = 0.191 

Total DRAM available = 458985.613 MB.
DRAM currently available = 458093.266 MB.
Maximum ngspice program size =   29.836 MB.
Current ngspice program size =   20.234 MB.

Shared ngspice pages = 0 bytes.
Text (code) pages = 0 bytes.
Stack = 0 bytes.
Library pages = 0 bytes.

