Note: can't find the initialization file spinit.

Note: No compatibility mode selected!


Circuit: * non-source-aware multi-input startup baseline for h1_multisource_cold_start.

Doing analysis at TEMP = 27.000000 and TNOM = 27.000000


Initial Transient Solution
--------------------------

Node                                   Voltage
----                                   -------
src_a_p                                      0
n_src_a_p                                    0
src_b_p                                      0
n_src_b_p                                    0
xsources.win_a                               0
xsources.win_b                               0
xsources.va_p                                0
xsources.va_n                                0
n_src_a_n                                    0
xsources.vb_p                                0
xsources.vb_n                                0
n_src_b_n                                    0
n_src_a                                      0
n_src_b                                      0
xroute_a.ctrl                                0
n_a_bus_p                                    0
n_a_bus_n                                    0
xroute_b.ctrl                                0
n_b_bus_p                                    0
n_b_bus_n                                    0
n_start_p                                    0
n_start_n                                    0
n_store                                      0
n_handoff                                    0
n_ctrl                                       0
seen_drv                                     0
n_seen                            -5.76449e-24
handoff_latched                              0
pwr_back_a                                   0
pwr_back_b                                   0
pwr_ctrl                                     0
pwr_back_a_pre                               0
pwr_back_b_pre                               0
pwr_ctrl_pre                                 0
bpctrl_pre#branch                            0
bpawr_b_pre#branch                           0
bpawr_a_pre#branch                           0
bpctrl#branch                                0
vctrl_mon#branch                             0
bpawr_b#branch                               0
vmeas_b#branch                               0
bpawr_a#branch                               0
vmeas_a#branch                               0
blatch#branch                                0
bseen_drv#branch                   5.76449e-36
b.xstartup.bhandoff#branch                   0
b.xroute_b.bctrl#branch                      0
b.xroute_a.bctrl#branch                      0
bmon_b#branch                                0
bmon_a#branch                                0
b.xsources.bsrc_b#branch                     0
b.xsources.bsrc_a#branch                     0
b.xsources.bwin_b#branch                     0
b.xsources.bwin_a#branch                     0


No. of Data Rows : 80008

  Measurements for Transient Analysis


Error: measure  t_handoff  when(WHEN) : out of interval
 .measure tran t_handoff when v(n_handoff)=0.5 rise=1 failed!


Error: measure  t_handoff_fall  when(WHEN) : out of interval
 .measure tran t_handoff_fall when v(n_handoff)=0.5 fall=1 failed!


Error: measure  t_handoff_rise2  when(WHEN) : out of interval
 .measure tran t_handoff_rise2 when v(n_handoff)=0.5 rise=2 failed!

vstore_final        =  2.136639e-02
e_back_a            =   3.83460e-09 from=  0.00000e+00 to=  4.00000e+01
e_back_b            =   5.83351e-08 from=  0.00000e+00 to=  4.00000e+01
e_backdrive         =  6.21697e-08
e_ctrl              =   4.51860e-10 from=  0.00000e+00 to=  4.00000e+01
e_back_a_full       =   3.83460e-09 from=  0.00000e+00 to=  4.00000e+01
e_back_b_full       =   5.83351e-08 from=  0.00000e+00 to=  4.00000e+01
e_backdrive_full    =  6.21697e-08
e_ctrl_full         =   4.51860e-10 from=  0.00000e+00 to=  4.00000e+01
startup_ok          =  0.00000e+00


Total analysis time (seconds) = 1.071

Total elapsed time (seconds) = 1.108 

Total DRAM available = 458985.613 MB.
DRAM currently available = 458087.844 MB.
Maximum ngspice program size =   34.746 MB.
Current ngspice program size =   24.730 MB.

Shared ngspice pages = 0 bytes.
Text (code) pages = 0 bytes.
Stack = 0 bytes.
Library pages = 0 bytes.

