Note: can't find the initialization file spinit.

Note: No compatibility mode selected!


Circuit: * auto-generated by tools/run_h1_matrix.py

Doing analysis at TEMP = 27.000000 and TNOM = 27.000000


Initial Transient Solution
--------------------------

Node                                   Voltage
----                                   -------
src_a_p                                      0
n_src_a_p                                    0
src_b_p                                      0
n_src_b_p                                    0
xsources.win_a                               0
xsources.win_b                               0
xsources.va_p                                0
xsources.va_n                                0
n_src_a_n                                    0
xsources.vb_p                                0
xsources.vb_n                                0
n_src_b_n                                    0
n_src_a                                      0
n_src_b                                      0
xroute_a.ctrl                                0
n_a_bus_p                                    0
n_a_bus_n                                    0
xroute_b.ctrl                                0
n_b_bus_p                                    0
n_b_bus_n                                    0
n_store                                      0
n_ctrl                                       0
xcore.a_obs                                  0
xcore.eobs_a_int1                            0
xcore.a_probe                                0
xcore.b_obs                                  0
xcore.eobs_b_int1                            0
xcore.b_probe                                0
xcore.xhandoff.hand_state_logic               0
xcore.xhandoff.hand_state                    0
n_handoff                                    0
seen_drv                                     0
n_seen                            -5.76449e-24
handoff_evt_drv                              0
n_handoff_evt                                0
handoff_latched                              0
pwr_back_a                                   0
pwr_back_b                                   0
pwr_ctrl                                     0
pwr_back_a_pre                               0
pwr_back_b_pre                               0
pwr_ctrl_pre                                 0
bpctrl_pre#branch                            0
bpawr_b_pre#branch                           0
bpawr_a_pre#branch                           0
bpctrl#branch                                0
vctrl_mon#branch                             0
bpawr_b#branch                               0
vmeas_b#branch                               0
bpawr_a#branch                               0
vmeas_a#branch                               0
blatch#branch                                0
bhand_evt_drv#branch                         0
bseen_drv#branch                   5.76449e-36
b.xcore.xhandoff.bhand_out#branch               0
b.xcore.xhandoff.bhstate_logic#branch               0
b.xcore.beobs_b#branch                       0
b.xcore.beobs_a#branch                       0
b.xroute_b.bctrl#branch                      0
b.xroute_a.bctrl#branch                      0
bmon_b#branch                                0
bmon_a#branch                                0
b.xsources.bsrc_b#branch                     0
b.xsources.bsrc_a#branch                     0
b.xsources.bwin_b#branch                     0
b.xsources.bwin_a#branch                     0
e.xcore.eobs_b#branch                        0
e.xcore.eobs_a#branch                        0


No. of Data Rows : 8009

  Measurements for Transient Analysis


Error: measure  t_handoff_fall  when(WHEN) : out of interval
 .measure tran t_handoff_fall when v(n_handoff_evt)=0.5 fall=1 failed!


Error: measure  t_handoff_rise2  when(WHEN) : out of interval
 .measure tran t_handoff_rise2 when v(n_handoff_evt)=0.5 rise=2 failed!


Error: measure  t_store_proxy_fall  when(WHEN) : out of interval
 .measure tran t_store_proxy_fall when v(n_store)=    1.000000000000000e+00     fall=1 failed!


Error: measure  t_store_proxy_rise2  when(WHEN) : out of interval
 .measure tran t_store_proxy_rise2 when v(n_store)=    1.200000000000000e+00     rise=2 failed!

vstore_final        =  2.235575e+00
handoff_seen_final  =  6.704915e-01
t_handoff           =   1.92479e+01
t_store_proxy       =   1.91691e+01
e_back_a            =   0.00000e+00 from=  0.00000e+00 to=  2.50000e+01
e_back_b            =   0.00000e+00 from=  0.00000e+00 to=  2.50000e+01
e_backdrive         =  0.00000e+00
e_ctrl              =   1.73707e-07 from=  0.00000e+00 to=  2.50000e+01
e_back_a_full       =   0.00000e+00 from=  0.00000e+00 to=  2.50000e+01
e_back_b_full       =   0.00000e+00 from=  0.00000e+00 to=  2.50000e+01
e_backdrive_full    =  0.00000e+00
e_ctrl_full         =   9.11744e-07 from=  0.00000e+00 to=  2.50000e+01
startup_ok          =  1.00000e+00


Total analysis time (seconds) = 0.216

Total elapsed time (seconds) = 0.250 

Total DRAM available = 458985.613 MB.
DRAM currently available = 458004.664 MB.
Maximum ngspice program size =   29.938 MB.
Current ngspice program size =   18.992 MB.

Shared ngspice pages = 0 bytes.
Text (code) pages = 0 bytes.
Stack = 0 bytes.
Library pages = 0 bytes.

